// Jest Snapshot v1, https://goo.gl/fbAQLP

exports[`should render AddBookPage correctly 1`] = `
<div>
  <h1>
    Add Book Page
  </h1>
  <BookForm
    onSubmit={[Function]}
  />
</div>
`;
