// Jest Snapshot v1, https://goo.gl/fbAQLP

exports[`should render LoadingPage correctly based off of snapshot 1`] = `
<div
  className="loader"
>
  <img
    className="loader__img"
    src="/images/loader.gif"
  />
</div>
`;
