// Jest Snapshot v1, https://goo.gl/fbAQLP

exports[`should render LoginPage correctly based off of snapshot 1`] = `
<div>
  <button
    className="button"
  >
    Login
  </button>
</div>
`;
