// Jest Snapshot v1, https://goo.gl/fbAQLP

exports[`should render NotFoundPage 1`] = `
<div>
  404! Not Found Page 
  <Link
    to="/"
  >
    Go Home
  </Link>
</div>
`;
